// Jest Snapshot v1, https://goo.gl/fbAQLP

exports[`In containers/Assemblage.js Test Assemblage:  should render component correctly. 1`] = `<Spinner />`;
